
> vscode-siyuan-i18n@0.1.0 pretest D:\CodeProjects\vscode-siyuan-i18n
> pnpm run compile && pnpm run lint


> vscode-siyuan-i18n@0.1.0 compile D:\CodeProjects\vscode-siyuan-i18n
> tsc -p ./


> vscode-siyuan-i18n@0.1.0 lint D:\CodeProjects\vscode-siyuan-i18n
> eslint src


> vscode-siyuan-i18n@0.1.0 test D:\CodeProjects\vscode-siyuan-i18n
> vscode-test

pnpm : - Resolving version...
所在位置 行:1 字符: 1
+ pnpm test 2>&1 | Out-File -FilePath test-output.txt -Encoding utf8; G ...
+ ~~~~~~~~~~~~~~
    + CategoryInfo          : NotSpecified: (- Resolving version...:String) [] 
   , RemoteException
    + FullyQualifiedErrorId : NativeCommandError
 
鉁?Validated version: 1.109.5
鉁?Found existing install in D:\CodeProjects\vscode-siyuan-i18n\.vscode-test\vsc
ode-win32-x64-archive-1.109.5
(node:85532) [DEP0190] DeprecationWarning: Passing args to a child process with
 shell option true can lead to security vulnerabilities, as the arguments are n
ot escaped, only concatenated.
(Use `node --trace-deprecation ...` to show where the warning was created)

[main 2026-02-20T16:29:18.565Z] Error: Error mutex already exists
    at id.S (file:///D:/CodeProjects/vscode-siyuan-i18n/.vscode-test/vscode-win
32-x64-archive-1.109.5/072586267e/resources/app/out/main.js:145:18925)
[main 2026-02-20T16:29:18.670Z] update#setState disabled
[main 2026-02-20T16:29:18.671Z] update#ctor - updates are disabled by the environment
Started local extension host with pid 85216.
Loading development extension at d:\CodeProjects\vscode-siyuan-i18n
MCP Registry configured: https://api.mcp.github.com
Settings Sync: Account status changed from uninitialized to unavailable

  鎬濇簮绗旇 i18n 鎵╁睍娴嬭瘯濂椾欢
    鉁?绠€鍗曞睘鎬ф偓鍋滄樉绀虹炕璇?(860ms)
    鉁?宓屽鎷彿灞炴€ф偓鍋滄樉绀虹炕璇?(549ms)
    鉁?闈炴渶鍚庝竴閮ㄥ垎涓嶆樉绀烘偓鍋?(550ms)
    鉁?绠€鍗曞睘鎬у畾涔夎烦杞姛鑳芥甯?(546ms)
    鉁?宓屽灞炴€у畾涔夎烦杞姛鑳芥甯?(532ms)
    鉁?鎷彿琛ㄧず娉曚娇鐢ㄥ崟寮曞彿 (527ms)
    鉁?绠€鍗曞睘鎬ф嫭鍙蜂娇鐢ㄥ弻寮曞彿 (537ms)
    鉁?绠€鍗曞睘鎬ф嫭鍙蜂娇鐢ㄥ崟寮曞彿 (541ms)
    鉁?娣峰悎琛ㄧず娉曪細鐐瑰彿鍚庢帴鏁板瓧鎷彿 (563ms)
    鉁?鍏ㄩ儴瀛楃涓查敭浣跨敤鍙屽紩鍙?(543ms)
    鉁?鍏ㄩ儴瀛楃涓查敭浣跨敤鍗曞紩鍙?(540ms)
    鉁?娣峰悎寮曞彿琛ㄧず娉?(530ms)
    鉁?鎷彿 token 鎮仠锛堝崟寮曞彿锛?(531ms)
  宸ヤ綔鍖洪厤缃祴璇曞浠?    鉁?鍗曢」鐩伐浣滃尯锛氳兘姝ｇ‘鎵惧埌璇█鏂囦欢 (1534ms)
    1) 澶氶」鐩伐浣滃尯锛氳兘姝ｇ‘鎵惧埌瀵瑰簲椤圭洰鐨勮瑷€鏂囦欢
  14 passing (14s)
  1 failing
  1) 宸ヤ綔鍖洪厤缃祴璇曞浠?       澶氶」鐩伐浣滃尯锛氳兘姝ｇ‘鎵惧埌瀵瑰簲椤圭洰鐨勮瑷€鏂囦欢:

      AssertionError [ERR_ASSERTION]: 搴旇鏄剧ず绗簩涓」鐩殑缈昏瘧
      + expected - actual

      -false
      +true
      
  	at Context.<anonymous> (d:\CodeProjects\vscode-siyuan-i18n\out\test\extension.test.js:332:16)

1 test failed.
[main 2026-02-20T16:29:34.238Z] Extension host with pid 85216 exited with code: 0, signal: unknown.
Exit code:   1
鈥塃LIFECYCLE鈥?Test failed. See above for more details.
